*widget.Box bounds=0,0+400x300
  *widget.Label bounds=4,4+392x16 role=label tooltip="the page title"
  *widget.Button name="toolbar:save" bounds=4,28+392x36 role=button tooltip="saves the thing" focusable hover pressed
  *widget.Entry bounds=4,72+392x27 role=entry focusable
  *widget.Slider name="zoom" bounds=4,107+392x18 role=slider focusable focused
